PHPUnit 12.5.34 by Sebastian Bergmann and contributors.

Runtime:       PHP 8.4.24
Configuration: /home/mateusz/kuking-feed585-runtime/phpunit.xml

[41;37mF[0m..                                                                 3 / 3 (100%)

Time: 00:00.881, Memory: 121.00 MB

There was 1 failure:

1) Tests\Feature\PomiarFeeduGraniceTest::test_macierz_widocznosci_ma_jawne_id_i_niezerowe_liczniki
Failed asserting that two arrays are identical.
--- Expected
+++ Actual
@@ @@
 Array &0 [
-    0 => '10000000-0000-4000-8000-000000000040',
-    1 => '10000000-0000-4000-8000-000000000030',
-    2 => '10000000-0000-4000-8000-000000000020',
-    3 => '10000000-0000-4000-8000-000000000010',
+    0 => '10000000-0000-4000-8000-000000000062',
+    1 => '10000000-0000-4000-8000-000000000061',
+    2 => '10000000-0000-4000-8000-000000000060',
+    3 => '10000000-0000-4000-8000-000000000040',
+    4 => '10000000-0000-4000-8000-000000000030',
+    5 => '10000000-0000-4000-8000-000000000020',
+    6 => '10000000-0000-4000-8000-000000000010',
 ]

/home/mateusz/kuking-feed585-runtime/tests/Feature/PomiarFeeduGraniceTest.php:87

[37;41mFAILURES![0m
[37;41mTests: 3[0m[37;41m, Assertions: 16[0m[37;41m, Failures: 1[0m[37;41m.[0m
